
> hari-priya-fashen-designing@0.1.0 build
> next build

   Γû▓ Next.js 16.0.0 (Turbopack)

   Creating an optimized production build ...
 Γ£ô Compiled successfully in 9.8s
   Running TypeScript ...
   Collecting page data ...
   Generating static pages (0/5) ...
   Generating static pages (1/5) 
   Generating static pages (2/5) 
   Generating static pages (3/5) 
 Γ£ô Generating static pages (5/5) in 2.1s
   Finalizing page optimization ...

Route (app)
Γöî Γùï /
Γö£ Γùï /_not-found
Γöö Γùï /add-product


Γùï  (Static)  prerendered as static content

